-- A PostgreSQL error raised inside a leaf on the third batch of one segment
-- comes back as that error; the backend and its DuckDB are fine afterwards.
1: SET gg_duckdb.mode = force;
SET
SELECT gp_inject_fault('gg_duckdb_before_batch', 'error', '', '', '', 3, 3, 0, dbid) FROM gp_segment_configuration WHERE role = 'p' AND content = 2;
 gp_inject_fault 
-----------------
 Success:        
(1 row)
1: SELECT k, count(*) FROM iso_t GROUP BY k ORDER BY k LIMIT 3;
ERROR:  fault triggered, fault name:'gg_duckdb_before_batch' fault type:'error'  (seg2 slice2 127.0.1.1:9004 pid=2273946)
SELECT gp_inject_fault('gg_duckdb_before_batch', 'reset', dbid) FROM gp_segment_configuration WHERE role = 'p' AND content = 2;
 gp_inject_fault 
-----------------
 Success:        
(1 row)
1: SELECT k, count(*) FROM iso_t GROUP BY k ORDER BY k LIMIT 3;
 k | count 
---+-------
 0 | 300   
 1 | 300   
 2 | 300   
(3 rows)
1: SELECT gp_segment_id, (gg_duckdb.status()).errors, (gg_duckdb.status()).reopens FROM gp_dist_random('gp_id') ORDER BY 1;
 gp_segment_id | errors | reopens 
---------------+--------+---------
 0             | 0      | 0       
 1             | 0      | 0       
 2             | 0      | 0       
(3 rows)
1q: ... <quitting>
