-- A region whose hash aggregate needs more than its DuckDB memory limit fails
-- with DuckDB's out-of-memory error, cleanly: the backend and its instance go
-- on, and the same query runs under a larger limit.  (DuckDB raises the error
-- from an allocation inside the leaf callback: a C++ exception unwinding
-- through the extension's frames, which must not skip a PG_TRY block.)
1: SET gg_duckdb.mode = force;
SET
1: SET gg_duckdb.max_memory = '16MB';
SET
1: SET gg_duckdb.min_memory = '8MB';
SET
1: SELECT count(*) FROM (SELECT id, repeat(v, 40) AS w, count(*) FROM iso_t GROUP BY 1, 2) x;
ERROR:  gg_duckdb: region query failed: Out of Memory Error: failed to allocate data of size 32.0 KiB (15.6 MiB/15.6 MiB used)

Possible solutions:
* Reducing the number of threads (SET threads=X)
* Disabling insertion-order preservation (SET preserve_insertion_order=false)
* Increasing the memory limit (SET memory_limit='...GB')

See also https://duckdb.org/docs/stable/guides/performance/how_to_tune_workloads  (seg2 slice1 127.0.1.1:9004 pid=2273913)
1: SELECT count(*) FROM (SELECT id, k, count(*) FROM iso_t GROUP BY 1, 2) x;
 count  
--------
 300000 
(1 row)
1: SET gg_duckdb.max_memory = '64MB';
SET
1: SELECT count(*) FROM (SELECT id, repeat(v, 40) AS w, count(*) FROM iso_t GROUP BY 1, 2) x;
 count  
--------
 300000 
(1 row)
1: SELECT gp_segment_id, (gg_duckdb.status()).errors, (gg_duckdb.status()).reopens FROM gp_dist_random('gp_id') ORDER BY 1;
 gp_segment_id | errors | reopens 
---------------+--------+---------
 0             | 1      | 0       
 1             | 1      | 0       
 2             | 1      | 0       
(3 rows)
1q: ... <quitting>
