-- The library must be preloaded on every node; the fault injector too.
!\retcode gpconfig -c shared_preload_libraries -v "$(psql -At -c "SELECT array_to_string(array_append(array_remove(string_to_array(current_setting('shared_preload_libraries'), ','), 'gg_duckdb'), 'gg_duckdb'), ',')" postgres)";
-- start_ignore
20260910:01:12:28:2271964 gpconfig:dvoronkov-nb:dvoronkov-[INFO]:-completed successfully with parameters '-c shared_preload_libraries -v gg_duckdb'

-- end_ignore
(exited with code 0)
!\retcode gpstop -raq -M fast;
-- start_ignore

-- end_ignore
(exited with code 0)
CREATE EXTENSION IF NOT EXISTS gp_inject_fault;
CREATE EXTENSION
CREATE EXTENSION IF NOT EXISTS gg_duckdb;
CREATE EXTENSION
DROP TABLE IF EXISTS iso_t;
DROP TABLE
CREATE TABLE iso_t (id int, k int, v text, n numeric(10,2)) DISTRIBUTED BY (id);
CREATE TABLE
INSERT INTO iso_t SELECT i, i % 1000, 'v' || (i % 37), (i % 500) / 4.0 FROM generate_series(1, 300000) i;
INSERT 0 300000
ANALYZE iso_t;
ANALYZE
