-- statement_timeout fires while a leaf sleeps inside a region.
1: SET gg_duckdb.mode = force;
SET
1: SET statement_timeout = '2s';
SET
SELECT gp_inject_fault('gg_duckdb_before_batch', 'sleep', '', '', '', 1, 3, 5, dbid) FROM gp_segment_configuration WHERE role = 'p' AND content = 1;
 gp_inject_fault 
-----------------
 Success:        
(1 row)
1: SELECT k, count(*) FROM iso_t GROUP BY k ORDER BY k LIMIT 3;
ERROR:  canceling statement due to statement timeout
SELECT gp_inject_fault('gg_duckdb_before_batch', 'reset', dbid) FROM gp_segment_configuration WHERE role = 'p' AND content = 1;
 gp_inject_fault 
-----------------
 Success:        
(1 row)
1: RESET statement_timeout;
RESET
1: SELECT k, count(*) FROM iso_t GROUP BY k ORDER BY k LIMIT 3;
 k | count 
---+-------
 0 | 300   
 1 | 300   
 2 | 300   
(3 rows)
1q: ... <quitting>
