-- M2: the deparser and the real pass.  Segment-local Result/Agg subtrees and
-- top chains of Limit/Unique/Sort become DuckDB regions; every case is
-- compared against the plain plan and prints 0 | 0 regardless of shape.
CREATE EXTENSION IF NOT EXISTS gg_duckdb;
NOTICE:  extension "gg_duckdb" already exists, skipping
CREATE TABLE d_orders (
    id int, cust int, qty int, amount numeric(12,2), ts timestamp, d date,
    note text, flag bool, f8 float8, big int8
) DISTRIBUTED BY (id);
INSERT INTO d_orders
SELECT i, i % 97, (i * 7) % 13, (i % 1000) / 4.0, timestamp '2024-01-01' + (i % 500) * interval '1 hour',
       date '2024-01-01' + (i % 365), 'note ' || (i % 50), (i % 3) = 0, i / 3.0, i::int8 * 1000000000
FROM generate_series(1, 60000) i;
INSERT INTO d_orders VALUES (60001, NULL, NULL, NULL, NULL, NULL, NULL, NULL, NULL, NULL);
ANALYZE d_orders;
-- what the pass considers, and why it declines
SET gg_duckdb.mode = force;
SET gg_duckdb.explain_decisions = on;
SET gp_enable_multiphase_agg = off;
-- grouped aggregate on the distribution key: a single-phase HashAgg on the segments
EXPLAIN (COSTS OFF)
SELECT id, count(*), sum(qty), min(amount), max(ts), bool_and(flag)
  FROM d_orders WHERE id < 3000 GROUP BY id;
NOTICE:  gg_duckdb: Agg (plan node 1): region [Agg over 1 leaf]: SELECT * FROM (SELECT n1.c1 AS c1, CAST(count(*) AS BIGINT) AS c2, CAST(sum(n1.c3) AS BIGINT) AS c3, CAST(min(n1.c4) AS DECIMAL(12,2)) AS c4, CAST(max(n1.c5) AS TIMESTAMP) AS c5, CAST(bool_and(n1.c8) AS BOOLEAN) AS c6 FROM (SELECT r0.c1 AS c1, r0.c2 AS c2, r0.c3 AS c3, r0.c4 AS c4, r0.c5 AS c5, r0.c6 AS c6, r0.c7 AS c7, r0.c8 AS c8, r0.c9 AS c9, r0.c10 AS c10 FROM gg_rel(0) AS r0 WHERE (((r0.c1) < (CAST($1 AS INTEGER))))) AS n1 GROUP BY n1.c1) AS n2
                QUERY PLAN                
------------------------------------------
 Gather Motion 3:1  (slice1; segments: 3)
   ->  Custom Scan (GGDuckDBRegion)
         DuckDB: Agg over 1 leaf
         DuckDB direct scans: d_orders
         ->  Seq Scan on d_orders
               Filter: (id < 3000)
 Optimizer: Postgres-based planner
(7 rows)

EXPLAIN (COSTS OFF, VERBOSE)
SELECT id, count(*) AS n FROM d_orders WHERE id < 30 GROUP BY id;
NOTICE:  gg_duckdb: Agg (plan node 1): region [Agg over 1 leaf]: SELECT * FROM (SELECT n1.c1 AS c1, CAST(count(*) AS BIGINT) AS c2 FROM (SELECT r0.c1 AS c1 FROM gg_rel(0) AS r0 WHERE (((r0.c1) < (CAST($1 AS INTEGER))))) AS n1 GROUP BY n1.c1) AS n2 ORDER BY c1 ASC NULLS LAST
                                                                                                              QUERY PLAN                                                                                                               
---------------------------------------------------------------------------------------------------------------------------------------------------------------------------------------------------------------------------------------
 Gather Motion 3:1  (slice1; segments: 3)
   Output: gg_duckdb_region.id, (count(*))
   ->  Custom Scan (GGDuckDBRegion)
         Output: gg_duckdb_region.id, (count(*))
         DuckDB: Agg over 1 leaf
         DuckDB direct scans: d_orders
         DuckDB SQL: SELECT * FROM (SELECT n1.c1 AS c1, CAST(count(*) AS BIGINT) AS c2 FROM (SELECT r0.c1 AS c1 FROM gg_rel(0) AS r0 WHERE (((r0.c1) < (CAST($1 AS INTEGER))))) AS n1 GROUP BY n1.c1) AS n2 ORDER BY c1 ASC NULLS LAST
         ->  Seq Scan on public.d_orders
               Output: d_orders.id
               Filter: (d_orders.id < 30)
 Optimizer: Postgres-based planner
 Settings: effective_cache_size = '512MB', gp_enable_multiphase_agg = 'off', optimizer = 'off'
(12 rows)

-- ORDER BY + LIMIT pushed to the segments
EXPLAIN (COSTS OFF)
SELECT id, amount FROM d_orders ORDER BY amount DESC, id LIMIT 5;
NOTICE:  gg_duckdb: Limit (plan node 2): region [Limit Sort over 1 leaf]: SELECT * FROM (SELECT r0.c1 AS c1, r0.c4 AS c2 FROM gg_rel(0) AS r0) AS n1 ORDER BY c2 DESC NULLS FIRST, c1 ASC NULLS LAST LIMIT 5
                           QUERY PLAN                            
-----------------------------------------------------------------
 Limit
   ->  Gather Motion 3:1  (slice1; segments: 3)
         Merge Key: gg_duckdb_region.amount, gg_duckdb_region.id
         ->  Custom Scan (GGDuckDBRegion)
               DuckDB: Limit Sort over 1 leaf
               DuckDB direct scans: d_orders
               ->  Seq Scan on d_orders
 Optimizer: Postgres-based planner
(8 rows)

-- text ordering is refused under the database collation, accepted under "C"
EXPLAIN (COSTS OFF)
SELECT note, id FROM d_orders ORDER BY note, id LIMIT 3;
NOTICE:  gg_duckdb: Limit (plan node 2): not eligible: sorting text under a non-C collation
NOTICE:  gg_duckdb: Sort (plan node 3): not eligible: sorting text under a non-C collation
                   QUERY PLAN                   
------------------------------------------------
 Limit
   ->  Gather Motion 3:1  (slice1; segments: 3)
         Merge Key: note, id
         ->  Limit
               ->  Sort
                     Sort Key: note, id
                     ->  Seq Scan on d_orders
 Optimizer: Postgres-based planner
(8 rows)

EXPLAIN (COSTS OFF)
SELECT note, id FROM d_orders ORDER BY note COLLATE "C", id LIMIT 3;
NOTICE:  gg_duckdb: Limit (plan node 2): region [Limit Sort over 1 leaf]: SELECT * FROM (SELECT r0.c7 AS c1, r0.c1 AS c2, r0.c7 AS c3 FROM gg_rel(0) AS r0) AS n1 ORDER BY c1 ASC NULLS LAST, c2 ASC NULLS LAST LIMIT 3
                          QUERY PLAN                           
---------------------------------------------------------------
 Limit
   ->  Gather Motion 3:1  (slice1; segments: 3)
         Merge Key: gg_duckdb_region.note, gg_duckdb_region.id
         ->  Custom Scan (GGDuckDBRegion)
               DuckDB: Limit Sort over 1 leaf
               DuckDB direct scans: d_orders
               ->  Seq Scan on d_orders
 Optimizer: Postgres-based planner
(8 rows)

SET gg_duckdb.explain_decisions = off;
-- results equal the plain plan: materialise both and compare both ways
CREATE OR REPLACE FUNCTION d_check(q text, m text DEFAULT 'force') RETURNS text LANGUAGE plpgsql AS $$
DECLARE missing bigint; extra bigint;
BEGIN
  SET LOCAL gg_duckdb.mode = off;
  EXECUTE 'CREATE TEMP TABLE d_base AS ' || q;
  EXECUTE 'SET LOCAL gg_duckdb.mode = ' || m;
  EXECUTE 'CREATE TEMP TABLE d_duck AS ' || q;
  SET LOCAL gg_duckdb.mode = off;
  EXECUTE 'SELECT count(*) FROM (TABLE d_base EXCEPT ALL TABLE d_duck) x' INTO missing;
  EXECUTE 'SELECT count(*) FROM (TABLE d_duck EXCEPT ALL TABLE d_base) x' INTO extra;
  DROP TABLE d_base; DROP TABLE d_duck;
  RETURN missing || ' | ' || extra;
END $$;
SELECT d_check($q$ SELECT id, count(*) AS n, sum(qty) AS sq, min(amount) AS mina, max(ts) AS maxts, max(d) AS maxd,
                          bool_and(flag) AS ba, count(note) AS cn
                   FROM d_orders GROUP BY id $q$);
NOTICE:  Table doesn't have 'DISTRIBUTED BY' clause -- Using column(s) named 'id' as the Greengage Database data distribution key for this table.
HINT:  The 'DISTRIBUTED BY' clause determines the distribution of data. Make sure column(s) chosen are the optimal data distribution key to minimize skew.
NOTICE:  Table doesn't have 'DISTRIBUTED BY' clause -- Using column(s) named 'id' as the Greengage Database data distribution key for this table.
HINT:  The 'DISTRIBUTED BY' clause determines the distribution of data. Make sure column(s) chosen are the optimal data distribution key to minimize skew.
 d_check 
---------
 0 | 0
(1 row)

SELECT d_check($q$ SELECT id, sum(qty * 2 + 1) AS s1, max(CASE WHEN flag THEN amount ELSE -amount END) AS m1,
                          count(*) FILTER (WHERE note LIKE 'note 1%') AS c1, sum(big) AS s2, sum(amount) AS s3,
                          min(note COLLATE "C") AS m2, count(DISTINCT qty) AS c2
                   FROM d_orders GROUP BY id HAVING count(*) > 0 $q$);
NOTICE:  Table doesn't have 'DISTRIBUTED BY' clause -- Using column(s) named 'id' as the Greengage Database data distribution key for this table.
HINT:  The 'DISTRIBUTED BY' clause determines the distribution of data. Make sure column(s) chosen are the optimal data distribution key to minimize skew.
NOTICE:  Table doesn't have 'DISTRIBUTED BY' clause -- Using column(s) named 'id' as the Greengage Database data distribution key for this table.
HINT:  The 'DISTRIBUTED BY' clause determines the distribution of data. Make sure column(s) chosen are the optimal data distribution key to minimize skew.
 d_check 
---------
 0 | 0
(1 row)

SELECT d_check($q$ SELECT id, qty FROM d_orders WHERE qty IN (1, 2, 3) AND coalesce(flag, false)
                   ORDER BY id LIMIT 100 $q$);
NOTICE:  Table doesn't have 'DISTRIBUTED BY' clause -- Using column(s) named 'id' as the Greengage Database data distribution key for this table.
HINT:  The 'DISTRIBUTED BY' clause determines the distribution of data. Make sure column(s) chosen are the optimal data distribution key to minimize skew.
NOTICE:  Table doesn't have 'DISTRIBUTED BY' clause -- Using column(s) named 'id' as the Greengage Database data distribution key for this table.
HINT:  The 'DISTRIBUTED BY' clause determines the distribution of data. Make sure column(s) chosen are the optimal data distribution key to minimize skew.
 d_check 
---------
 0 | 0
(1 row)

SELECT d_check($q$ SELECT id, amount FROM d_orders ORDER BY amount DESC NULLS FIRST, id LIMIT 7 $q$);
NOTICE:  Table doesn't have 'DISTRIBUTED BY' clause -- Using column(s) named 'id' as the Greengage Database data distribution key for this table.
HINT:  The 'DISTRIBUTED BY' clause determines the distribution of data. Make sure column(s) chosen are the optimal data distribution key to minimize skew.
NOTICE:  Table doesn't have 'DISTRIBUTED BY' clause -- Using column(s) named 'id' as the Greengage Database data distribution key for this table.
HINT:  The 'DISTRIBUTED BY' clause determines the distribution of data. Make sure column(s) chosen are the optimal data distribution key to minimize skew.
 d_check 
---------
 0 | 0
(1 row)

SELECT d_check($q$ SELECT id, amount FROM d_orders ORDER BY amount ASC NULLS LAST, id LIMIT 7 OFFSET 3 $q$);
NOTICE:  Table doesn't have 'DISTRIBUTED BY' clause -- Using column(s) named 'id' as the Greengage Database data distribution key for this table.
HINT:  The 'DISTRIBUTED BY' clause determines the distribution of data. Make sure column(s) chosen are the optimal data distribution key to minimize skew.
NOTICE:  Table doesn't have 'DISTRIBUTED BY' clause -- Using column(s) named 'id' as the Greengage Database data distribution key for this table.
HINT:  The 'DISTRIBUTED BY' clause determines the distribution of data. Make sure column(s) chosen are the optimal data distribution key to minimize skew.
 d_check 
---------
 0 | 0
(1 row)

SELECT d_check($q$ SELECT DISTINCT qty FROM d_orders $q$);
NOTICE:  Table doesn't have 'DISTRIBUTED BY' clause -- Using column(s) named 'qty' as the Greengage Database data distribution key for this table.
HINT:  The 'DISTRIBUTED BY' clause determines the distribution of data. Make sure column(s) chosen are the optimal data distribution key to minimize skew.
NOTICE:  Table doesn't have 'DISTRIBUTED BY' clause -- Using column(s) named 'qty' as the Greengage Database data distribution key for this table.
HINT:  The 'DISTRIBUTED BY' clause determines the distribution of data. Make sure column(s) chosen are the optimal data distribution key to minimize skew.
 d_check 
---------
 0 | 0
(1 row)

SELECT d_check($q$ SELECT id, length(note) AS e1, note || '!' AS e2, qty % 4 AS e3, -qty AS e4, qty / 3 AS e5,
                          f8 / 2.0 AS e6, abs(qty - 6) AS e7, qty::int8 + big AS e8, d + 1 AS e9,
                          ts - interval '1 day' AS e10, nullif(qty, 0) AS e11, qty IS NULL AS e12
                   FROM d_orders WHERE id < 500 AND (qty > 3 OR flag IS NOT TRUE) ORDER BY id LIMIT 200 $q$);
NOTICE:  Table doesn't have 'DISTRIBUTED BY' clause -- Using column(s) named 'id' as the Greengage Database data distribution key for this table.
HINT:  The 'DISTRIBUTED BY' clause determines the distribution of data. Make sure column(s) chosen are the optimal data distribution key to minimize skew.
NOTICE:  Table doesn't have 'DISTRIBUTED BY' clause -- Using column(s) named 'id' as the Greengage Database data distribution key for this table.
HINT:  The 'DISTRIBUTED BY' clause determines the distribution of data. Make sure column(s) chosen are the optimal data distribution key to minimize skew.
 d_check 
---------
 0 | 0
(1 row)

-- a Motion leaf: the aggregate above a Redistribute Motion, single phase
SELECT d_check($q$ SELECT cust, count(*), sum(amount), max(id) FROM d_orders GROUP BY cust $q$);
NOTICE:  Table doesn't have 'DISTRIBUTED BY' clause -- Using column(s) named 'cust' as the Greengage Database data distribution key for this table.
HINT:  The 'DISTRIBUTED BY' clause determines the distribution of data. Make sure column(s) chosen are the optimal data distribution key to minimize skew.
NOTICE:  Table doesn't have 'DISTRIBUTED BY' clause -- Using column(s) named 'cust' as the Greengage Database data distribution key for this table.
HINT:  The 'DISTRIBUTED BY' clause determines the distribution of data. Make sure column(s) chosen are the optimal data distribution key to minimize skew.
 d_check 
---------
 0 | 0
(1 row)

SELECT d_check($q$ SELECT cust, count(*) FROM d_orders GROUP BY cust ORDER BY cust LIMIT 10 $q$);
NOTICE:  Table doesn't have 'DISTRIBUTED BY' clause -- Using column(s) named 'cust' as the Greengage Database data distribution key for this table.
HINT:  The 'DISTRIBUTED BY' clause determines the distribution of data. Make sure column(s) chosen are the optimal data distribution key to minimize skew.
NOTICE:  Table doesn't have 'DISTRIBUTED BY' clause -- Using column(s) named 'cust' as the Greengage Database data distribution key for this table.
HINT:  The 'DISTRIBUTED BY' clause determines the distribution of data. Make sure column(s) chosen are the optimal data distribution key to minimize skew.
 d_check 
---------
 0 | 0
(1 row)

-- division by zero is an error in both executors
SET gg_duckdb.mode = force;
SELECT id, sum(qty / (id - 7)) FROM d_orders WHERE id < 10 GROUP BY id ORDER BY id;
ERROR:  gg_duckdb: region query failed: Invalid Input Error: division by zero  (seg0 slice1 127.0.1.1:9002 pid=2248237)
SET gg_duckdb.mode = off;
SELECT id, sum(qty / (id - 7)) FROM d_orders WHERE id < 10 GROUP BY id ORDER BY id;
ERROR:  division by zero  (seg0 slice1 127.0.1.1:9002 pid=2248237)
-- the gate: auto mode needs gg_duckdb.min_rows estimated input rows
SET gg_duckdb.mode = auto;
SET gg_duckdb.min_rows = 1000000;
EXPLAIN (COSTS OFF) SELECT id, count(*) FROM d_orders GROUP BY id;
                QUERY PLAN                
------------------------------------------
 Gather Motion 3:1  (slice1; segments: 3)
   ->  HashAggregate
         Group Key: id
         ->  Seq Scan on d_orders
 Optimizer: Postgres-based planner
(5 rows)

SET gg_duckdb.min_rows = 0;
-- ... and the cost gate must favour DuckDB; for a tiny input it does not
EXPLAIN (COSTS OFF) SELECT id, count(*) FROM d_orders WHERE id < 30 GROUP BY id;
                QUERY PLAN                
------------------------------------------
 Gather Motion 3:1  (slice1; segments: 3)
   ->  GroupAggregate
         Group Key: id
         ->  Sort
               Sort Key: id
               ->  Seq Scan on d_orders
                     Filter: (id < 30)
 Optimizer: Postgres-based planner
(8 rows)

SET gg_duckdb.cost_fixed = 0; SET gg_duckdb.cost_convert_factor = 0;
EXPLAIN (COSTS OFF) SELECT id, count(*) FROM d_orders GROUP BY id;
                QUERY PLAN                
------------------------------------------
 Gather Motion 3:1  (slice1; segments: 3)
   ->  Custom Scan (GGDuckDBRegion)
         DuckDB: Agg over 1 leaf
         DuckDB direct scans: d_orders
         ->  Seq Scan on d_orders
 Optimizer: Postgres-based planner
(6 rows)

RESET gg_duckdb.min_rows;
RESET gg_duckdb.cost_fixed; RESET gg_duckdb.cost_convert_factor;
-- the boundary: the gate ends a region above a subtree whose output is
-- cheaper to convert than its inputs.  A join filtering a large table
-- through a small one stays with the executor and the aggregates above it
-- are the region; with the boundary off the maximal region (join and
-- aggregates) is judged as a whole and declined.  The costs are the
-- measured defaults but for a small fixed cost.  The leaves are pulled
-- through the executor here (direct scans off): the direct scan's credit is
-- tested in relscan.
CREATE TABLE d_dim (id int, grp int, name text) DISTRIBUTED BY (id);
INSERT INTO d_dim SELECT i, i % 5, 'dim ' || i FROM generate_series(0, 96) i;
ANALYZE d_dim;
SET gp_enable_multiphase_agg = on;
SET gg_duckdb.direct_scans = off;
SET gg_duckdb.mode = auto;
SET gg_duckdb.min_rows = 0;
SET gg_duckdb.cost_fixed = 5;
SET gg_duckdb.explain_decisions = on;
EXPLAIN (COSTS OFF)
SELECT d.id, count(*), sum(o.qty), sum(o.amount), min(o.id), max(o.id), max(o.big), max(o.ts)
  FROM d_orders o JOIN d_dim d ON o.cust = d.id WHERE d.grp = 1 GROUP BY d.id;
NOTICE:  gg_duckdb: Agg (plan node 1): the cost gate prefers the standard executor
NOTICE:  gg_duckdb: Agg (plan node 3): region [Agg over 1 leaf]: SELECT * FROM (SELECT n1.c1 AS c1, CAST(count(*) AS BIGINT) AS c2, CAST(sum(n1.c2) AS BIGINT) AS c3, struct_pack(s := CAST(sum(n1.c3) AS DECIMAL(38,2)), n := count(n1.c3)) AS c4, CAST(min(n1.c4) AS INTEGER) AS c5, CAST(max(n1.c4) AS INTEGER) AS c6, CAST(max(n1.c5) AS BIGINT) AS c7, CAST(max(n1.c6) AS TIMESTAMP) AS c8 FROM (SELECT * FROM gg_leaf(0)) AS n1 GROUP BY n1.c1) AS n2
NOTICE:  gg_duckdb: HashJoin (plan node 4): kept by the executor as a leaf of that region: its output is cheaper to convert than its inputs and its operators
NOTICE:  gg_duckdb: HashJoin (plan node 4): the cost gate prefers the standard executor
                                   QUERY PLAN                                    
---------------------------------------------------------------------------------
 Gather Motion 3:1  (slice1; segments: 3)
   ->  Finalize HashAggregate
         Group Key: gg_duckdb_region.c1
         ->  Redistribute Motion 3:3  (slice2; segments: 3)
               Hash Key: gg_duckdb_region.c1
               ->  Custom Scan (GGDuckDBRegion)
                     DuckDB: Agg over 1 leaf
                     ->  Hash Join
                           Hash Cond: (o.cust = d.id)
                           ->  Seq Scan on d_orders o
                           ->  Hash
                                 ->  Broadcast Motion 3:3  (slice3; segments: 3)
                                       ->  Seq Scan on d_dim d
                                             Filter: (grp = 1)
 Optimizer: Postgres-based planner
(15 rows)

SET gg_duckdb.cost_boundary = off;
EXPLAIN (COSTS OFF)
SELECT d.id, count(*), sum(o.qty), sum(o.amount), min(o.id), max(o.id), max(o.big), max(o.ts)
  FROM d_orders o JOIN d_dim d ON o.cust = d.id WHERE d.grp = 1 GROUP BY d.id;
NOTICE:  gg_duckdb: Agg (plan node 1): the cost gate prefers the standard executor
NOTICE:  gg_duckdb: Agg (plan node 3): the cost gate prefers the standard executor
NOTICE:  gg_duckdb: HashJoin (plan node 4): the cost gate prefers the standard executor
                                   QUERY PLAN                                    
---------------------------------------------------------------------------------
 Gather Motion 3:1  (slice1; segments: 3)
   ->  Finalize HashAggregate
         Group Key: d.id
         ->  Redistribute Motion 3:3  (slice2; segments: 3)
               Hash Key: d.id
               ->  Partial HashAggregate
                     Group Key: d.id
                     ->  Hash Join
                           Hash Cond: (o.cust = d.id)
                           ->  Seq Scan on d_orders o
                           ->  Hash
                                 ->  Broadcast Motion 3:3  (slice3; segments: 3)
                                       ->  Seq Scan on d_dim d
                                             Filter: (grp = 1)
 Optimizer: Postgres-based planner
(15 rows)

RESET gg_duckdb.cost_boundary;
SET gg_duckdb.explain_decisions = off;
-- results equal the plain plan with the executor's join as the region's leaf
SELECT d_check($q$ SELECT d.id, count(*) AS n, sum(o.qty) AS s1, sum(o.amount) AS s2, min(o.id) AS mn, max(o.id) AS mx, max(o.big) AS mb, max(o.ts) AS mt
                   FROM d_orders o JOIN d_dim d ON o.cust = d.id WHERE d.grp = 1 GROUP BY d.id $q$, 'auto');
NOTICE:  Table doesn't have 'DISTRIBUTED BY' clause -- Using column(s) named 'id' as the Greengage Database data distribution key for this table.
HINT:  The 'DISTRIBUTED BY' clause determines the distribution of data. Make sure column(s) chosen are the optimal data distribution key to minimize skew.
NOTICE:  Table doesn't have 'DISTRIBUTED BY' clause -- Using column(s) named 'id' as the Greengage Database data distribution key for this table.
HINT:  The 'DISTRIBUTED BY' clause determines the distribution of data. Make sure column(s) chosen are the optimal data distribution key to minimize skew.
 d_check 
---------
 0 | 0
(1 row)

RESET gg_duckdb.min_rows; RESET gg_duckdb.cost_fixed;
RESET gg_duckdb.direct_scans;
-- integer aggregate states: a partial sum/avg(bigint) or avg(integer/smallint)
-- hands its final phase the executor's own transition state, so the phases
-- split between DuckDB and the executor either way round (the final avg
-- stays with the executor, whose division sets the result's scale)
SET gg_duckdb.mode = force;
SET optimizer_force_multistage_agg = on;
EXPLAIN (COSTS OFF)
SELECT cust, sum(big), avg(big), avg(qty), count(*) FROM d_orders GROUP BY cust;
                         QUERY PLAN                         
------------------------------------------------------------
 Gather Motion 3:1  (slice1; segments: 3)
   ->  Finalize HashAggregate
         Group Key: gg_duckdb_region.c1
         ->  Redistribute Motion 3:3  (slice2; segments: 3)
               Hash Key: gg_duckdb_region.c1
               ->  Custom Scan (GGDuckDBRegion)
                     DuckDB: Agg over 1 leaf
                     DuckDB direct scans: d_orders
                     ->  Seq Scan on d_orders
 Optimizer: Postgres-based planner
(10 rows)

EXPLAIN (COSTS OFF)
SELECT cust, sum(big), count(*) FROM d_orders GROUP BY cust;
                         QUERY PLAN                         
------------------------------------------------------------
 Gather Motion 3:1  (slice1; segments: 3)
   ->  Custom Scan (GGDuckDBRegion)
         DuckDB: Agg over 1 leaf
         ->  Redistribute Motion 3:3  (slice2; segments: 3)
               Hash Key: gg_duckdb_region_1.c1
               ->  Custom Scan (GGDuckDBRegion)
                     DuckDB: Agg over 1 leaf
                     DuckDB direct scans: d_orders
                     ->  Seq Scan on d_orders
 Optimizer: Postgres-based planner
(10 rows)

SELECT d_check($q$ SELECT cust, sum(big) AS sb, avg(big) AS ab, avg(qty) AS aq,
                          sum(big) FILTER (WHERE flag) AS sbf, avg(qty) FILTER (WHERE qty > 5) AS aqf, count(*) AS n
                   FROM d_orders GROUP BY cust $q$);
NOTICE:  Table doesn't have 'DISTRIBUTED BY' clause -- Using column(s) named 'cust' as the Greengage Database data distribution key for this table.
HINT:  The 'DISTRIBUTED BY' clause determines the distribution of data. Make sure column(s) chosen are the optimal data distribution key to minimize skew.
NOTICE:  Table doesn't have 'DISTRIBUTED BY' clause -- Using column(s) named 'cust' as the Greengage Database data distribution key for this table.
HINT:  The 'DISTRIBUTED BY' clause determines the distribution of data. Make sure column(s) chosen are the optimal data distribution key to minimize skew.
 d_check 
---------
 0 | 0
(1 row)

SELECT d_check($q$ SELECT cust, sum(big) AS sb, count(*) AS n FROM d_orders GROUP BY cust $q$);
NOTICE:  Table doesn't have 'DISTRIBUTED BY' clause -- Using column(s) named 'cust' as the Greengage Database data distribution key for this table.
HINT:  The 'DISTRIBUTED BY' clause determines the distribution of data. Make sure column(s) chosen are the optimal data distribution key to minimize skew.
NOTICE:  Table doesn't have 'DISTRIBUTED BY' clause -- Using column(s) named 'cust' as the Greengage Database data distribution key for this table.
HINT:  The 'DISTRIBUTED BY' clause determines the distribution of data. Make sure column(s) chosen are the optimal data distribution key to minimize skew.
 d_check 
---------
 0 | 0
(1 row)

SELECT cust, sum(big), avg(big), avg(qty), sum(big) FILTER (WHERE flag), avg(qty) FILTER (WHERE qty > 12)
  FROM d_orders WHERE cust IN (0, 1, 96) OR cust IS NULL GROUP BY cust ORDER BY cust;
 cust |        sum        |         avg         |        avg         |       sum        | avg 
------+-------------------+---------------------+--------------------+------------------+-----
    0 | 18553287000000000 | 30021500000000.0000 | 6.0048543689320388 | 6204411000000000 |    
    1 | 18553906000000000 | 29974000000000.0000 | 6.0016155088852989 | 6184635000000000 |    
   96 | 18552669000000000 | 30020500000000.0000 | 6.0097087378640777 | 6164241000000000 |    
      |                   |                     |                    |                  |    
(4 rows)

RESET optimizer_force_multistage_agg;
-- date_trunc and extract over timestamps, for the units both engines agree
-- on, where a region evaluates them itself: aggregate arguments and join
-- conditions (a grouping expression is computed below the region, in the
-- scan); an integer cast of an extract is exact, its fields count whole units
SET gg_duckdb.mode = force;
SET gg_duckdb.explain_decisions = on;
EXPLAIN (COSTS OFF)
SELECT cust, max(date_trunc('day', ts)), sum(extract(hour FROM ts)::int), count(*) FILTER (WHERE extract(dow FROM ts) = 0)
  FROM d_orders GROUP BY cust;
NOTICE:  gg_duckdb: Agg (plan node 1): region [Agg over 1 leaf]: SELECT * FROM (SELECT n1.c1 AS c1, CAST(max(n1.c2) AS TIMESTAMP) AS c2, CAST(sum(n1.c3) AS BIGINT) AS c3, CAST(sum(n1.c4) AS BIGINT) AS c4 FROM (SELECT * FROM gg_leaf(0)) AS n1 GROUP BY n1.c1) AS n2
NOTICE:  gg_duckdb: Agg (plan node 3): region [Agg over 1 leaf]: SELECT * FROM (SELECT n1.c2 AS c1, CAST(max(date_trunc('day', n1.c5)) AS TIMESTAMP) AS c2, CAST(sum(CAST(CAST(date_part('hour', n1.c5) AS DOUBLE) AS INTEGER)) AS BIGINT) AS c3, CAST(count(*) FILTER (WHERE ((CAST(date_part('dow', n1.c5) AS DOUBLE)) = (CAST($1 AS DOUBLE)))) AS BIGINT) AS c4 FROM (SELECT r0.c1 AS c1, r0.c2 AS c2, r0.c3 AS c3, r0.c4 AS c4, r0.c5 AS c5, r0.c6 AS c6, r0.c7 AS c7, r0.c8 AS c8, r0.c9 AS c9, r0.c10 AS c10 FROM gg_rel(0) AS r0) AS n1 GROUP BY n1.c2) AS n2
                         QUERY PLAN                         
------------------------------------------------------------
 Gather Motion 3:1  (slice1; segments: 3)
   ->  Custom Scan (GGDuckDBRegion)
         DuckDB: Agg over 1 leaf
         ->  Redistribute Motion 3:3  (slice2; segments: 3)
               Hash Key: gg_duckdb_region_1.c1
               ->  Custom Scan (GGDuckDBRegion)
                     DuckDB: Agg over 1 leaf
                     DuckDB direct scans: d_orders
                     ->  Seq Scan on d_orders
 Optimizer: Postgres-based planner
(10 rows)

SET gg_duckdb.explain_decisions = off;
SELECT d_check($q$ SELECT cust, max(date_trunc('day', ts)) AS d, min(date_trunc('week', ts)) AS w, max(date_trunc('month', ts)) AS m,
                          min(date_trunc('quarter', ts)) AS q, max(date_trunc('milliseconds', ts)) AS ms, max(date_trunc('year', d)) AS yd,
                          sum(extract(hour FROM ts)::int) AS h, sum(extract(dow FROM ts)::int) AS dow, sum(extract(doy FROM ts)::int8) AS doy,
                          sum(extract(week FROM ts)::int) AS wk, sum(extract(isoyear FROM ts)::int) AS iy, sum(extract(year FROM d)::int) AS y,
                          sum(extract(month FROM d)::int) AS mo, sum(extract(quarter FROM ts)::int) AS qt, sum(extract(decade FROM ts)::int) AS dc,
                          count(*) FILTER (WHERE extract(isodow FROM ts) = 7) AS sundays, count(*) FILTER (WHERE extract(minute FROM ts) = 0) AS onthehour
                   FROM d_orders GROUP BY cust $q$);
NOTICE:  Table doesn't have 'DISTRIBUTED BY' clause -- Using column(s) named 'cust' as the Greengage Database data distribution key for this table.
HINT:  The 'DISTRIBUTED BY' clause determines the distribution of data. Make sure column(s) chosen are the optimal data distribution key to minimize skew.
NOTICE:  Table doesn't have 'DISTRIBUTED BY' clause -- Using column(s) named 'cust' as the Greengage Database data distribution key for this table.
HINT:  The 'DISTRIBUTED BY' clause determines the distribution of data. Make sure column(s) chosen are the optimal data distribution key to minimize skew.
 d_check 
---------
 0 | 0
(1 row)

SELECT d_check($q$ SELECT count(*) AS n FROM d_orders a JOIN d_orders b ON a.id = b.id
                   WHERE date_trunc('week', a.ts) = date_trunc('week', b.ts) AND extract(hour FROM a.ts) = extract(hour FROM b.ts) $q$);
NOTICE:  Table doesn't have 'DISTRIBUTED BY' clause -- Using column(s) named 'n' as the Greengage Database data distribution key for this table.
HINT:  The 'DISTRIBUTED BY' clause determines the distribution of data. Make sure column(s) chosen are the optimal data distribution key to minimize skew.
NOTICE:  Table doesn't have 'DISTRIBUTED BY' clause -- Using column(s) named 'n' as the Greengage Database data distribution key for this table.
HINT:  The 'DISTRIBUTED BY' clause determines the distribution of data. Make sure column(s) chosen are the optimal data distribution key to minimize skew.
 d_check 
---------
 0 | 0
(1 row)

SELECT cust, max(date_trunc('week', ts)) AS w, sum(extract(dow FROM ts)::int) AS dow, min(extract(isoyear FROM ts)) AS iy, count(*)
  FROM d_orders WHERE cust < 3 GROUP BY cust ORDER BY cust;
 cust |            w             | dow  |  iy  | count 
------+--------------------------+------+------+-------
    0 | Mon Jan 15 00:00:00 2024 | 1867 | 2024 |   618
    1 | Mon Jan 15 00:00:00 2024 | 1873 | 2024 |   619
    2 | Mon Jan 15 00:00:00 2024 | 1878 | 2024 |   619
(3 rows)

-- units the engines compute differently stay with the executor
SET gg_duckdb.explain_decisions = on;
EXPLAIN (COSTS OFF) SELECT cust, max(date_trunc('century', ts)) FROM d_orders GROUP BY cust;  -- centuries start at year 1 here, at year 0 in DuckDB
NOTICE:  gg_duckdb: Agg (plan node 1): region [Agg over 1 leaf]: SELECT * FROM (SELECT n1.c1 AS c1, CAST(max(n1.c2) AS TIMESTAMP) AS c2 FROM (SELECT * FROM gg_leaf(0)) AS n1 GROUP BY n1.c1) AS n2
NOTICE:  gg_duckdb: Agg (plan node 3): not eligible: date_trunc('century')
                         QUERY PLAN                         
------------------------------------------------------------
 Gather Motion 3:1  (slice1; segments: 3)
   ->  Custom Scan (GGDuckDBRegion)
         DuckDB: Agg over 1 leaf
         ->  Redistribute Motion 3:3  (slice2; segments: 3)
               Hash Key: d_orders.cust
               ->  Partial HashAggregate
                     Group Key: d_orders.cust
                     ->  Seq Scan on d_orders
 Optimizer: Postgres-based planner
(9 rows)

EXPLAIN (COSTS OFF) SELECT cust, max(extract(second FROM ts)) FROM d_orders GROUP BY cust;    -- fractional here, whole in DuckDB
NOTICE:  gg_duckdb: Agg (plan node 1): not eligible: final max over a double precision partial
NOTICE:  gg_duckdb: Agg (plan node 3): not eligible: date_part('second')
                         QUERY PLAN                         
------------------------------------------------------------
 Gather Motion 3:1  (slice1; segments: 3)
   ->  Finalize HashAggregate
         Group Key: cust
         ->  Redistribute Motion 3:3  (slice2; segments: 3)
               Hash Key: cust
               ->  Partial HashAggregate
                     Group Key: cust
                     ->  Seq Scan on d_orders
 Optimizer: Postgres-based planner
(9 rows)

EXPLAIN (COSTS OFF) SELECT cust, max(date_trunc('hours', ts)) FROM d_orders GROUP BY cust;    -- a spelling the list does not carry
NOTICE:  gg_duckdb: Agg (plan node 1): region [Agg over 1 leaf]: SELECT * FROM (SELECT n1.c1 AS c1, CAST(max(n1.c2) AS TIMESTAMP) AS c2 FROM (SELECT * FROM gg_leaf(0)) AS n1 GROUP BY n1.c1) AS n2
NOTICE:  gg_duckdb: Agg (plan node 3): not eligible: date_trunc('hours')
                         QUERY PLAN                         
------------------------------------------------------------
 Gather Motion 3:1  (slice1; segments: 3)
   ->  Custom Scan (GGDuckDBRegion)
         DuckDB: Agg over 1 leaf
         ->  Redistribute Motion 3:3  (slice2; segments: 3)
               Hash Key: d_orders.cust
               ->  Partial HashAggregate
                     Group Key: d_orders.cust
                     ->  Seq Scan on d_orders
 Optimizer: Postgres-based planner
(9 rows)

SET gg_duckdb.explain_decisions = off;
SET gp_enable_multiphase_agg = off;
DROP TABLE d_dim;
-- a bad query never leaves the planner: plan-time validation declines it
SET gg_duckdb.mode = force;
SET gg_duckdb.explain_decisions = on;
SET gg_duckdb.validate_at_plan_time = on;
EXPLAIN (COSTS OFF) SELECT id, sum(f8) FROM d_orders GROUP BY id;   -- float sum: not eligible
NOTICE:  gg_duckdb: Agg (plan node 1): not eligible: sum(double precision)
                QUERY PLAN                
------------------------------------------
 Gather Motion 3:1  (slice1; segments: 3)
   ->  HashAggregate
         Group Key: id
         ->  Seq Scan on d_orders
 Optimizer: Postgres-based planner
(5 rows)

-- a projection DuckDB cannot compute (upper) is computed by the executor in
-- the leaf; the aggregates above it are regions
EXPLAIN (COSTS OFF) SELECT upper(note) AS u, count(*), sum(qty) FROM d_orders GROUP BY 1;
NOTICE:  gg_duckdb: Agg (plan node 1): region [Agg over 1 leaf]: SELECT * FROM (SELECT n1.c1 AS c1, CAST(count(*) AS BIGINT) AS c2, CAST(sum(n1.c2) AS BIGINT) AS c3 FROM (SELECT * FROM gg_leaf(0)) AS n1 GROUP BY n1.c1) AS n2
                         QUERY PLAN                         
------------------------------------------------------------
 Gather Motion 3:1  (slice1; segments: 3)
   ->  Custom Scan (GGDuckDBRegion)
         DuckDB: Agg over 1 leaf
         ->  Redistribute Motion 3:3  (slice2; segments: 3)
               Hash Key: (upper(d_orders.note))
               ->  Seq Scan on d_orders
 Optimizer: Postgres-based planner
(7 rows)

SET gg_duckdb.explain_decisions = off;
SELECT d_check($q$ SELECT upper(note) AS u, count(*) AS n, sum(qty) AS s FROM d_orders GROUP BY 1 $q$);
NOTICE:  Table doesn't have 'DISTRIBUTED BY' clause -- Using column(s) named 'u' as the Greengage Database data distribution key for this table.
HINT:  The 'DISTRIBUTED BY' clause determines the distribution of data. Make sure column(s) chosen are the optimal data distribution key to minimize skew.
NOTICE:  Table doesn't have 'DISTRIBUTED BY' clause -- Using column(s) named 'u' as the Greengage Database data distribution key for this table.
HINT:  The 'DISTRIBUTED BY' clause determines the distribution of data. Make sure column(s) chosen are the optimal data distribution key to minimize skew.
 d_check 
---------
 0 | 0
(1 row)

-- a numeric constant with a typmod takes the typmod's shape, the one the plan
-- declares its column with: a region outputs it as such, and a UNION ALL of
-- the constant with a column of that type has children of one type
SET gg_duckdb.explain_decisions = on;
EXPLAIN (COSTS OFF)
SELECT id, cast(0 as decimal(12,2)) AS z, count(*) FROM d_orders WHERE id < 3000 GROUP BY id;
NOTICE:  gg_duckdb: Agg (plan node 1): region [Agg over 1 leaf]: SELECT * FROM (SELECT n1.c1 AS c1, CAST($2 AS DECIMAL(12,2)) AS c2, CAST(count(*) AS BIGINT) AS c3 FROM (SELECT r0.c1 AS c1, r0.c2 AS c2, r0.c3 AS c3, r0.c4 AS c4, r0.c5 AS c5, r0.c6 AS c6, r0.c7 AS c7, r0.c8 AS c8, r0.c9 AS c9, r0.c10 AS c10 FROM gg_rel(0) AS r0 WHERE (((r0.c1) < (CAST($1 AS INTEGER))))) AS n1 GROUP BY n1.c1) AS n2
                QUERY PLAN                
------------------------------------------
 Gather Motion 3:1  (slice1; segments: 3)
   ->  Custom Scan (GGDuckDBRegion)
         DuckDB: Agg over 1 leaf
         DuckDB direct scans: d_orders
         ->  Seq Scan on d_orders
               Filter: (id < 3000)
 Optimizer: Postgres-based planner
(7 rows)

EXPLAIN (COSTS OFF)
SELECT id, sum(z), count(*) FROM (SELECT o.id, cast(0 as decimal(12,2)) AS z FROM d_orders o JOIN d_orders p ON o.id = p.id WHERE o.id < 100
                                  UNION ALL SELECT id, amount FROM d_orders WHERE id < 200) u GROUP BY id;
NOTICE:  gg_duckdb: Agg (plan node 1): region [Join Agg over 3 leaves]: SELECT * FROM (SELECT n4.c1 AS c1, CAST(sum(n4.c2) AS DECIMAL(38,2)) AS c2, CAST(count(*) AS BIGINT) AS c3 FROM (SELECT n3.c1 AS c1, n3.c2 AS c2 FROM ((SELECT n1.c1 AS c1, CAST($3 AS DECIMAL(12,2)) AS c2 FROM (SELECT r0.c1 AS c1, r0.c2 AS c2, r0.c3 AS c3, r0.c4 AS c4, r0.c5 AS c5, r0.c6 AS c6, r0.c7 AS c7, r0.c8 AS c8, r0.c9 AS c9, r0.c10 AS c10 FROM gg_rel(0) AS r0 WHERE (((r0.c1) < (CAST($1 AS INTEGER))))) AS n1 JOIN (SELECT r0.c1 AS c1 FROM gg_rel(1) AS r0 WHERE (((r0.c1) < (CAST($2 AS INTEGER))))) AS n2 ON ((n1.c1) = (n2.c1))) UNION ALL (SELECT r0.c1 AS c1, r0.c4 AS c2 FROM gg_rel(2) AS r0 WHERE (((r0.c1) < (CAST($4 AS INTEGER)))))) AS n3) AS n4 GROUP BY n4.c1) AS n5 ORDER BY c1 ASC NULLS LAST
                        QUERY PLAN                         
-----------------------------------------------------------
 Gather Motion 3:1  (slice1; segments: 3)
   ->  Custom Scan (GGDuckDBRegion)
         DuckDB: Join Agg over 3 leaves
         DuckDB direct scans: d_orders, d_orders, d_orders
         ->  Seq Scan on d_orders o
               Filter: (id < 100)
         ->  Seq Scan on d_orders p
               Filter: (id < 100)
         ->  Seq Scan on d_orders
               Filter: (id < 200)
 Optimizer: Postgres-based planner
(11 rows)

SET gg_duckdb.explain_decisions = off;
SELECT d_check($q$ SELECT id, cast(0 as decimal(12,2)) AS z, count(*) AS n FROM d_orders WHERE id < 3000 GROUP BY id $q$);
NOTICE:  Table doesn't have 'DISTRIBUTED BY' clause -- Using column(s) named 'id' as the Greengage Database data distribution key for this table.
HINT:  The 'DISTRIBUTED BY' clause determines the distribution of data. Make sure column(s) chosen are the optimal data distribution key to minimize skew.
NOTICE:  Table doesn't have 'DISTRIBUTED BY' clause -- Using column(s) named 'id' as the Greengage Database data distribution key for this table.
HINT:  The 'DISTRIBUTED BY' clause determines the distribution of data. Make sure column(s) chosen are the optimal data distribution key to minimize skew.
 d_check 
---------
 0 | 0
(1 row)

SELECT d_check($q$ SELECT id, sum(z) AS s, count(*) AS n FROM (SELECT o.id, cast(0 as decimal(12,2)) AS z FROM d_orders o JOIN d_orders p ON o.id = p.id WHERE o.id < 100
                                                              UNION ALL SELECT id, amount FROM d_orders WHERE id < 200) u GROUP BY id $q$);
NOTICE:  Table doesn't have 'DISTRIBUTED BY' clause -- Using column(s) named 'id' as the Greengage Database data distribution key for this table.
HINT:  The 'DISTRIBUTED BY' clause determines the distribution of data. Make sure column(s) chosen are the optimal data distribution key to minimize skew.
NOTICE:  Table doesn't have 'DISTRIBUTED BY' clause -- Using column(s) named 'id' as the Greengage Database data distribution key for this table.
HINT:  The 'DISTRIBUTED BY' clause determines the distribution of data. Make sure column(s) chosen are the optimal data distribution key to minimize skew.
 d_check 
---------
 0 | 0
(1 row)

-- the gate is memory-aware: a region's hash tables (the groups of an
-- aggregate, the build side of a join, the rows of a DISTINCT) must fit the
-- memory the region will have, the largest memquota share among the operators
-- it replaces but at least gg_duckdb.min_memory and at most
-- gg_duckdb.max_memory.  The boundary keeps a subtree with the executor when
-- it would not fit; a region whose root would not fit is declined.
CREATE TABLE d_wide AS SELECT i AS id, i % 1000 AS grp, repeat('x', 200) AS pad
  FROM generate_series(1, 200000) i DISTRIBUTED BY (id);
ANALYZE d_wide;
SET gg_duckdb.mode = auto;
SET gg_duckdb.min_rows = 0;
SET gg_duckdb.cost_fixed = 0;
SET gg_duckdb.cost_op_factor = 0;
SET gg_duckdb.cost_convert_factor = 0;
SET gg_duckdb.min_memory = '8MB';
SET gg_duckdb.max_memory = '16MB';
SET gg_duckdb.explain_decisions = on;
-- the join's build side (67k rows of 200 bytes per segment, twice that as a
-- hash table) does not fit 16 MB: the executor keeps the join, the aggregate
-- above it is the region
EXPLAIN (COSTS OFF)
SELECT a.id, count(*), sum(length(a.pad) + length(b.pad)) FROM d_wide a JOIN d_wide b ON a.id = b.id GROUP BY a.id;
NOTICE:  gg_duckdb: Agg (plan node 1): region [Agg over 1 leaf]: SELECT * FROM (SELECT n1.c1 AS c1, CAST(count(*) AS BIGINT) AS c2, CAST(sum(CAST((CAST(length(n1.c2) AS INTEGER)) + (CAST(length(n1.c3) AS INTEGER)) AS INTEGER)) AS BIGINT) AS c3 FROM (SELECT * FROM gg_leaf(0)) AS n1 GROUP BY n1.c1) AS n2
NOTICE:  gg_duckdb: HashJoin (plan node 2): kept by the executor as a leaf of that region: its working set would not fit the region's memory
NOTICE:  gg_duckdb: HashJoin (plan node 2): its working set would not fit the region's memory
                  QUERY PLAN                  
----------------------------------------------
 Gather Motion 3:1  (slice1; segments: 3)
   ->  Custom Scan (GGDuckDBRegion)
         DuckDB: Agg over 1 leaf
         ->  Hash Join
               Hash Cond: (a.id = b.id)
               ->  Seq Scan on d_wide a
               ->  Hash
                     ->  Seq Scan on d_wide b
 Optimizer: Postgres-based planner
(9 rows)

-- the aggregate's groups (67k of 200 bytes) do not fit either: declined
EXPLAIN (COSTS OFF)
SELECT id, pad, count(*) FROM d_wide GROUP BY id, pad;
NOTICE:  gg_duckdb: Agg (plan node 1): its working set would not fit the region's memory
                QUERY PLAN                
------------------------------------------
 Gather Motion 3:1  (slice1; segments: 3)
   ->  HashAggregate
         Group Key: id, pad
         ->  Seq Scan on d_wide
 Optimizer: Postgres-based planner
(5 rows)

-- with the default bounds both fit
RESET gg_duckdb.min_memory;
RESET gg_duckdb.max_memory;
EXPLAIN (COSTS OFF)
SELECT a.id, count(*), sum(length(a.pad) + length(b.pad)) FROM d_wide a JOIN d_wide b ON a.id = b.id GROUP BY a.id;
NOTICE:  gg_duckdb: Agg (plan node 1): region [Join Agg over 2 leaves]: SELECT * FROM (SELECT n3.c1 AS c1, CAST(count(*) AS BIGINT) AS c2, CAST(sum(CAST((CAST(length(n3.c2) AS INTEGER)) + (CAST(length(n3.c3) AS INTEGER)) AS INTEGER)) AS BIGINT) AS c3 FROM (SELECT n1.c1 AS c1, n1.c3 AS c2, n2.c1 AS c3 FROM (SELECT r0.c1 AS c1, r0.c2 AS c2, r0.c3 AS c3 FROM gg_rel(0) AS r0) AS n1 JOIN (SELECT r0.c3 AS c1, r0.c1 AS c2 FROM gg_rel(1) AS r0) AS n2 ON ((n1.c1) = (n2.c2))) AS n3 GROUP BY n3.c1) AS n4
                 QUERY PLAN                  
---------------------------------------------
 Gather Motion 3:1  (slice1; segments: 3)
   ->  Custom Scan (GGDuckDBRegion)
         DuckDB: Join Agg over 2 leaves
         DuckDB direct scans: d_wide, d_wide
         ->  Seq Scan on d_wide a
         ->  Seq Scan on d_wide b
 Optimizer: Postgres-based planner
(7 rows)

EXPLAIN (COSTS OFF)
SELECT id, pad, count(*) FROM d_wide GROUP BY id, pad;
NOTICE:  gg_duckdb: Agg (plan node 1): region [Agg over 1 leaf]: SELECT * FROM (SELECT n1.c1 AS c1, n1.c3 AS c2, CAST(count(*) AS BIGINT) AS c3 FROM (SELECT r0.c1 AS c1, r0.c2 AS c2, r0.c3 AS c3 FROM gg_rel(0) AS r0) AS n1 GROUP BY n1.c1, n1.c3) AS n2
                QUERY PLAN                
------------------------------------------
 Gather Motion 3:1  (slice1; segments: 3)
   ->  Custom Scan (GGDuckDBRegion)
         DuckDB: Agg over 1 leaf
         DuckDB direct scans: d_wide
         ->  Seq Scan on d_wide
 Optimizer: Postgres-based planner
(6 rows)

SET gg_duckdb.explain_decisions = off;
SET gg_duckdb.min_memory = '8MB';
SET gg_duckdb.max_memory = '16MB';
SELECT d_check($q$ SELECT a.id, count(*) AS n, sum(length(a.pad) + length(b.pad)) AS s FROM d_wide a JOIN d_wide b ON a.id = b.id GROUP BY a.id $q$, 'auto');
NOTICE:  Table doesn't have 'DISTRIBUTED BY' clause -- Using column(s) named 'id' as the Greengage Database data distribution key for this table.
HINT:  The 'DISTRIBUTED BY' clause determines the distribution of data. Make sure column(s) chosen are the optimal data distribution key to minimize skew.
NOTICE:  Table doesn't have 'DISTRIBUTED BY' clause -- Using column(s) named 'id' as the Greengage Database data distribution key for this table.
HINT:  The 'DISTRIBUTED BY' clause determines the distribution of data. Make sure column(s) chosen are the optimal data distribution key to minimize skew.
 d_check 
---------
 0 | 0
(1 row)

RESET gg_duckdb.min_memory;
RESET gg_duckdb.max_memory;
RESET gg_duckdb.min_rows;
RESET gg_duckdb.cost_fixed;
RESET gg_duckdb.cost_op_factor;
RESET gg_duckdb.cost_convert_factor;
SET gg_duckdb.mode = force;
DROP TABLE d_wide;
RESET gg_duckdb.explain_decisions;
RESET gg_duckdb.validate_at_plan_time;
RESET gp_enable_multiphase_agg;
RESET gg_duckdb.mode;
DROP FUNCTION d_check(text, text);
DROP TABLE d_orders;
