--
-- Heap tables a region reads directly (gg_rel): the region computes the
-- sequential scan's target list and filter itself, over the table's pages.
-- Every check compares the region's result with the standard executor's:
-- "missing | extra" rows, both 0.
--
CREATE TABLE r_t (id int, qty int, amount numeric(12,2), note text, big text, d date, gone int, flag bool)
    DISTRIBUTED BY (id);
ALTER TABLE r_t ALTER COLUMN big SET STORAGE EXTERNAL;
INSERT INTO r_t
    SELECT i, i % 50, (i % 997) / 8.0,
           CASE WHEN i % 13 = 0 THEN NULL ELSE 'note ' || (i % 101) END,
           CASE WHEN i % 500 = 1 THEN repeat(md5(i::text), 400) END,
           date '2024-01-01' + i % 400, i, i % 3 = 0
    FROM generate_series(1, 30000) i;
-- a dropped column, and one added with a default the old rows do not store
ALTER TABLE r_t DROP COLUMN gone;
ALTER TABLE r_t ADD COLUMN extra int DEFAULT 7;
INSERT INTO r_t (id, qty, amount, note, d, flag, extra)
    SELECT i, i % 50, i / 4.0, 'late ' || i, date '2025-01-01', true, i % 5
    FROM generate_series(30001, 32000) i;
-- dead tuples and new versions on the pages
DELETE FROM r_t WHERE id % 10 = 0;
UPDATE r_t SET qty = qty + 1, note = note || '*' WHERE id % 7 = 0;
CREATE TABLE r_dim (k int, label text) DISTRIBUTED BY (k);
INSERT INTO r_dim SELECT i, 'k' || i FROM generate_series(0, 60) i;
CREATE TABLE r_empty (a int, b numeric(10,2)) DISTRIBUTED BY (a);
CREATE TABLE r_part (id int, k int, v numeric(10,2)) DISTRIBUTED BY (id)
    PARTITION BY RANGE (k) (START (0) END (40) EVERY (10));
INSERT INTO r_part SELECT i, i % 40, i / 3.0 FROM generate_series(1, 20000) i;
ANALYZE r_t;
ANALYZE r_dim;
ANALYZE r_part;
CREATE OR REPLACE FUNCTION r_check(q text) RETURNS text LANGUAGE plpgsql AS $$
DECLARE missing bigint; extra bigint;
BEGIN
  SET LOCAL gg_duckdb.mode = off;
  EXECUTE 'CREATE TEMP TABLE r_base AS ' || q;
  SET LOCAL gg_duckdb.mode = force;
  EXECUTE 'CREATE TEMP TABLE r_duck AS ' || q;
  SET LOCAL gg_duckdb.mode = off;
  EXECUTE 'SELECT count(*) FROM (TABLE r_base EXCEPT ALL TABLE r_duck) x' INTO missing;
  EXECUTE 'SELECT count(*) FROM (TABLE r_duck EXCEPT ALL TABLE r_base) x' INTO extra;
  DROP TABLE r_base; DROP TABLE r_duck;
  RETURN missing || ' | ' || extra;
END $$;
-- the scan's filter and target list move into the region's query
SET gg_duckdb.mode = force;
EXPLAIN (VERBOSE, COSTS OFF)
SELECT qty, count(*), sum(amount) FROM r_t WHERE flag AND qty > 3 GROUP BY qty;
                                                                                                                                                          QUERY PLAN                                                                                                                                                           
-------------------------------------------------------------------------------------------------------------------------------------------------------------------------------------------------------------------------------------------------------------------------------------------------------------------------------
 Gather Motion 3:1  (slice1; segments: 3)
   Output: gg_duckdb_region.qty, gg_duckdb_region.count, gg_duckdb_region.sum
   ->  Custom Scan (GGDuckDBRegion)
         Output: gg_duckdb_region.qty, gg_duckdb_region.count, gg_duckdb_region.sum
         DuckDB: Agg over 1 leaf
         DuckDB SQL: SELECT * FROM (SELECT n1.c1 AS c1, CAST(sum(n1.c2) AS BIGINT) AS c2, CAST(sum(struct_extract(n1.c3, 's')) AS DECIMAL(38,2)) AS c3 FROM (SELECT * FROM gg_leaf(0)) AS n1 GROUP BY n1.c1) AS n2
         ->  Redistribute Motion 3:3  (slice2; segments: 3)
               Output: gg_duckdb_region_1.qty, (PARTIAL count()), (PARTIAL sum(gg_duckdb_region_1.amount))
               Hash Key: gg_duckdb_region_1.qty
               ->  Custom Scan (GGDuckDBRegion)
                     Output: gg_duckdb_region_1.qty, (PARTIAL count()), (PARTIAL sum(gg_duckdb_region_1.amount))
                     DuckDB: Agg over 1 leaf
                     DuckDB direct scans: r_t
                     DuckDB SQL: SELECT * FROM (SELECT n1.c1 AS c1, CAST(count(*) AS BIGINT) AS c2, struct_pack(s := CAST(sum(n1.c2) AS DECIMAL(38,2)), n := count(n1.c2)) AS c3 FROM (SELECT r0.c2 AS c1, r0.c3 AS c2 FROM gg_rel(0) AS r0 WHERE ((r0.c8 AND ((r0.c2) > (CAST($1 AS INTEGER)))))) AS n1 GROUP BY n1.c1) AS n2
                     ->  Seq Scan on public.r_t
                           Output: r_t.qty, r_t.amount
                           Filter: (r_t.flag AND (r_t.qty > 3))
 Optimizer: GPORCA
 Settings: effective_cache_size = '512MB'
(19 rows)

-- a filter the region cannot compute keeps the scan with the executor
EXPLAIN (COSTS OFF)
SELECT qty, count(*) FROM r_t WHERE md5(note) > 'a' GROUP BY qty;
                         QUERY PLAN                         
------------------------------------------------------------
 Gather Motion 3:1  (slice1; segments: 3)
   ->  Custom Scan (GGDuckDBRegion)
         DuckDB: Agg over 1 leaf
         ->  Redistribute Motion 3:3  (slice2; segments: 3)
               Hash Key: gg_duckdb_region_1.qty
               ->  Custom Scan (GGDuckDBRegion)
                     DuckDB: Agg over 1 leaf
                     ->  Seq Scan on r_t
                           Filter: (md5(note) > 'a'::text)
 Optimizer: GPORCA
(10 rows)

-- and so does turning direct scans off
SET gg_duckdb.direct_scans = off;
EXPLAIN (COSTS OFF)
SELECT qty, count(*), sum(amount) FROM r_t WHERE flag AND qty > 3 GROUP BY qty;
                         QUERY PLAN                         
------------------------------------------------------------
 Gather Motion 3:1  (slice1; segments: 3)
   ->  Custom Scan (GGDuckDBRegion)
         DuckDB: Agg over 1 leaf
         ->  Redistribute Motion 3:3  (slice2; segments: 3)
               Hash Key: gg_duckdb_region_1.qty
               ->  Custom Scan (GGDuckDBRegion)
                     DuckDB: Agg over 1 leaf
                     ->  Seq Scan on r_t
                           Filter: (flag AND (qty > 3))
 Optimizer: GPORCA
(10 rows)

RESET gg_duckdb.direct_scans;
RESET gg_duckdb.mode;
SELECT r_check($q$ SELECT qty, count(*) AS n, sum(amount) AS s, count(note) AS cn, min(d) AS md
                   FROM r_t WHERE flag AND qty > 3 GROUP BY qty $q$);
NOTICE:  Table doesn't have 'DISTRIBUTED BY' clause. Creating a NULL policy entry.
NOTICE:  Table doesn't have 'DISTRIBUTED BY' clause. Creating a NULL policy entry.
 r_check 
---------
 0 | 0
(1 row)

SELECT r_check($q$ SELECT qty, count(*) AS n FROM r_t WHERE note IS NULL OR amount > 100 GROUP BY qty $q$);
NOTICE:  Table doesn't have 'DISTRIBUTED BY' clause. Creating a NULL policy entry.
NOTICE:  Table doesn't have 'DISTRIBUTED BY' clause. Creating a NULL policy entry.
 r_check 
---------
 0 | 0
(1 row)

-- the added column: its default for old rows, stored values for new ones
SELECT r_check($q$ SELECT extra, count(*) AS n, sum(qty) AS s FROM r_t GROUP BY extra $q$);
NOTICE:  Table doesn't have 'DISTRIBUTED BY' clause. Creating a NULL policy entry.
NOTICE:  Table doesn't have 'DISTRIBUTED BY' clause. Creating a NULL policy entry.
 r_check 
---------
 0 | 0
(1 row)

-- toasted values
SELECT r_check($q$ SELECT id % 7 AS g, count(big) AS n, max(big COLLATE "C") AS m FROM r_t GROUP BY 1 $q$);
NOTICE:  Table doesn't have 'DISTRIBUTED BY' clause -- Using column(s) named 'g' as the Greengage Database data distribution key for this table.
HINT:  The 'DISTRIBUTED BY' clause determines the distribution of data. Make sure column(s) chosen are the optimal data distribution key to minimize skew.
NOTICE:  Table doesn't have 'DISTRIBUTED BY' clause -- Using column(s) named 'g' as the Greengage Database data distribution key for this table.
HINT:  The 'DISTRIBUTED BY' clause determines the distribution of data. Make sure column(s) chosen are the optimal data distribution key to minimize skew.
 r_check 
---------
 0 | 0
(1 row)

-- no column at all
SELECT r_check($q$ SELECT count(*) AS n FROM r_t $q$);
NOTICE:  Table doesn't have 'DISTRIBUTED BY' clause. Creating a NULL policy entry.
NOTICE:  Table doesn't have 'DISTRIBUTED BY' clause. Creating a NULL policy entry.
 r_check 
---------
 0 | 0
(1 row)

SELECT r_check($q$ SELECT a, sum(b) AS s FROM r_empty GROUP BY a $q$);
NOTICE:  Table doesn't have 'DISTRIBUTED BY' clause. Creating a NULL policy entry.
NOTICE:  Table doesn't have 'DISTRIBUTED BY' clause. Creating a NULL policy entry.
 r_check 
---------
 0 | 0
(1 row)

-- two direct scans joined
SELECT r_check($q$ SELECT d.label, count(*) AS n, sum(t.amount) AS s
                   FROM r_t t JOIN r_dim d ON t.qty = d.k WHERE t.note LIKE 'note 1%' GROUP BY d.label $q$);
NOTICE:  Table doesn't have 'DISTRIBUTED BY' clause. Creating a NULL policy entry.
NOTICE:  Table doesn't have 'DISTRIBUTED BY' clause. Creating a NULL policy entry.
 r_check 
---------
 0 | 0
(1 row)

-- rescanned: a correlated subquery
SELECT r_check($q$ SELECT k, (SELECT count(*) FROM (SELECT id FROM r_t WHERE qty = r_dim.k AND flag GROUP BY id) s) AS n
                   FROM r_dim $q$);
NOTICE:  Table doesn't have 'DISTRIBUTED BY' clause. Creating a NULL policy entry.
NOTICE:  Table doesn't have 'DISTRIBUTED BY' clause. Creating a NULL policy entry.
 r_check 
---------
 0 | 0
(1 row)

-- the partitions of a partitioned table
SELECT r_check($q$ SELECT k % 4 AS g, count(*) AS n, sum(v) AS s FROM r_part WHERE k < 30 GROUP BY 1 $q$);
NOTICE:  Table doesn't have 'DISTRIBUTED BY' clause. Creating a NULL policy entry.
NOTICE:  Table doesn't have 'DISTRIBUTED BY' clause. Creating a NULL policy entry.
 r_check 
---------
 0 | 0
(1 row)

-- a parameter in the filter
PREPARE r_p(int) AS SELECT qty, count(*), sum(amount) FROM r_t WHERE id > $1 GROUP BY qty ORDER BY qty LIMIT 4;
SET gg_duckdb.mode = off;
EXECUTE r_p(31000);
 qty | count |    sum    
-----+-------+-----------
   1 |    17 | 133791.75
   2 |    20 | 157421.75
   3 |    20 | 157426.75
   4 |    21 | 165170.25
(4 rows)

SET gg_duckdb.mode = force;
EXECUTE r_p(31000);
 qty | count |    sum    
-----+-------+-----------
   1 |    17 | 133791.75
   2 |    20 | 157421.75
   3 |    20 | 157426.75
   4 |    21 | 165170.25
(4 rows)

EXECUTE r_p(0);
 qty | count |    sum    
-----+-------+-----------
   1 |   549 | 295365.54
   2 |   640 | 346910.62
   3 |   640 | 354603.12
   4 |   640 | 347074.50
(4 rows)

SET gg_duckdb.mode = off;
EXECUTE r_p(0);
 qty | count |    sum    
-----+-------+-----------
   1 |   549 | 295365.54
   2 |   640 | 346910.62
   3 |   640 | 354603.12
   4 |   640 | 347074.50
(4 rows)

RESET gg_duckdb.mode;
DEALLOCATE r_p;
-- append-optimized tables: the table AM's own scan, told which attributes
-- DuckDB asks for; deleted and updated rows through the visibility map
CREATE TABLE r_ao (id int, qty int, amount numeric(12,2), note text, d date, flag bool)
    WITH (appendonly=true) DISTRIBUTED BY (id);
CREATE TABLE r_co (id int, qty int, amount numeric(12,2), note text, d date, flag bool)
    WITH (appendonly=true, orientation=column, compresstype=zstd) DISTRIBUTED BY (id);
INSERT INTO r_ao
    SELECT i, i % 50, (i % 997) / 8.0, CASE WHEN i % 13 = 0 THEN NULL ELSE 'note ' || (i % 101) END,
           date '2024-01-01' + i % 400, i % 3 = 0
    FROM generate_series(1, 30000) i;
INSERT INTO r_co SELECT * FROM r_ao;
DELETE FROM r_ao WHERE id % 10 = 0;
DELETE FROM r_co WHERE id % 10 = 0;
UPDATE r_ao SET qty = qty + 1, note = note || '*' WHERE id % 7 = 0;
UPDATE r_co SET qty = qty + 1, note = note || '*' WHERE id % 7 = 0;
ALTER TABLE r_ao ADD COLUMN extra int DEFAULT 7;
ALTER TABLE r_co ADD COLUMN extra int DEFAULT 7;
INSERT INTO r_ao (id, qty, amount, note, d, flag, extra) SELECT i, i % 50, i / 4.0, 'late ' || i, date '2025-01-01', true, i % 5 FROM generate_series(30001, 32000) i;
INSERT INTO r_co (id, qty, amount, note, d, flag, extra) SELECT i, i % 50, i / 4.0, 'late ' || i, date '2025-01-01', true, i % 5 FROM generate_series(30001, 32000) i;
ANALYZE r_ao;
ANALYZE r_co;
SET gg_duckdb.mode = force;
EXPLAIN (COSTS OFF)
SELECT qty, count(*), sum(amount) FROM r_co WHERE flag AND qty > 3 GROUP BY qty;
                         QUERY PLAN                         
------------------------------------------------------------
 Gather Motion 3:1  (slice1; segments: 3)
   ->  Custom Scan (GGDuckDBRegion)
         DuckDB: Agg over 1 leaf
         ->  Redistribute Motion 3:3  (slice2; segments: 3)
               Hash Key: gg_duckdb_region_1.qty
               ->  Custom Scan (GGDuckDBRegion)
                     DuckDB: Agg over 1 leaf
                     DuckDB direct scans: r_co
                     ->  Seq Scan on r_co
                           Filter: (flag AND (qty > 3))
 Optimizer: GPORCA
(11 rows)

EXPLAIN (COSTS OFF)
SELECT qty, count(*), sum(amount) FROM r_ao WHERE flag AND qty > 3 GROUP BY qty;
                         QUERY PLAN                         
------------------------------------------------------------
 Gather Motion 3:1  (slice1; segments: 3)
   ->  Custom Scan (GGDuckDBRegion)
         DuckDB: Agg over 1 leaf
         ->  Redistribute Motion 3:3  (slice2; segments: 3)
               Hash Key: gg_duckdb_region_1.qty
               ->  Custom Scan (GGDuckDBRegion)
                     DuckDB: Agg over 1 leaf
                     DuckDB direct scans: r_ao
                     ->  Seq Scan on r_ao
                           Filter: (flag AND (qty > 3))
 Optimizer: GPORCA
(11 rows)

RESET gg_duckdb.mode;
SELECT r_check($q$ SELECT qty, count(*) AS n, sum(amount) AS s, count(note) AS cn, min(d) AS md
                   FROM r_ao WHERE flag AND qty > 3 GROUP BY qty $q$);
NOTICE:  Table doesn't have 'DISTRIBUTED BY' clause. Creating a NULL policy entry.
NOTICE:  Table doesn't have 'DISTRIBUTED BY' clause. Creating a NULL policy entry.
 r_check 
---------
 0 | 0
(1 row)

SELECT r_check($q$ SELECT qty, count(*) AS n, sum(amount) AS s, count(note) AS cn, min(d) AS md
                   FROM r_co WHERE flag AND qty > 3 GROUP BY qty $q$);
NOTICE:  Table doesn't have 'DISTRIBUTED BY' clause. Creating a NULL policy entry.
NOTICE:  Table doesn't have 'DISTRIBUTED BY' clause. Creating a NULL policy entry.
 r_check 
---------
 0 | 0
(1 row)

SELECT r_check($q$ SELECT extra, count(*) AS n, sum(qty) AS s FROM r_ao GROUP BY extra $q$);
NOTICE:  Table doesn't have 'DISTRIBUTED BY' clause. Creating a NULL policy entry.
NOTICE:  Table doesn't have 'DISTRIBUTED BY' clause. Creating a NULL policy entry.
 r_check 
---------
 0 | 0
(1 row)

SELECT r_check($q$ SELECT extra, count(*) AS n, sum(qty) AS s FROM r_co GROUP BY extra $q$);
NOTICE:  Table doesn't have 'DISTRIBUTED BY' clause. Creating a NULL policy entry.
NOTICE:  Table doesn't have 'DISTRIBUTED BY' clause. Creating a NULL policy entry.
 r_check 
---------
 0 | 0
(1 row)

SELECT r_check($q$ SELECT count(*) AS n FROM r_co $q$);
NOTICE:  Table doesn't have 'DISTRIBUTED BY' clause. Creating a NULL policy entry.
NOTICE:  Table doesn't have 'DISTRIBUTED BY' clause. Creating a NULL policy entry.
 r_check 
---------
 0 | 0
(1 row)

SELECT r_check($q$ SELECT a.qty, count(*) AS n, sum(c.amount) AS s FROM r_ao a JOIN r_co c ON a.id = c.id
                   WHERE c.note LIKE 'note 1%' GROUP BY a.qty $q$);
NOTICE:  Table doesn't have 'DISTRIBUTED BY' clause. Creating a NULL policy entry.
NOTICE:  Table doesn't have 'DISTRIBUTED BY' clause. Creating a NULL policy entry.
 r_check 
---------
 0 | 0
(1 row)

SELECT r_check($q$ SELECT k, (SELECT count(*) FROM (SELECT id FROM r_co WHERE qty = r_dim.k AND flag GROUP BY id) s) AS n
                   FROM r_dim $q$);
NOTICE:  Table doesn't have 'DISTRIBUTED BY' clause. Creating a NULL policy entry.
NOTICE:  Table doesn't have 'DISTRIBUTED BY' clause. Creating a NULL policy entry.
 r_check 
---------
 0 | 0
(1 row)

-- a partitioned table, which GPORCA scans with one DynamicSeqScan (the planner
-- with an Append of scans): the direct leaf reads the selected partitions in
-- turn, each through its own table AM, matching columns by name, since a
-- partition created after a column was dropped numbers them differently
CREATE TABLE r_dyn (id int, gone int, k int, v numeric(10,2), note text) DISTRIBUTED BY (id)
    PARTITION BY RANGE (k) (START (0) END (20) EVERY (10));
ALTER TABLE r_dyn DROP COLUMN gone;
CREATE TABLE r_dyn_co (id int, k int, v numeric(10,2), note text)
    WITH (appendonly=true, orientation=column) DISTRIBUTED BY (id);
ALTER TABLE r_dyn ATTACH PARTITION r_dyn_co FOR VALUES FROM (20) TO (30);
CREATE TABLE r_dyn_ao PARTITION OF r_dyn FOR VALUES FROM (30) TO (40) WITH (appendonly=true);
NOTICE:  table has parent, setting distribution columns to match parent table
INSERT INTO r_dyn SELECT i, i % 40, i / 3.0, 'n' || (i % 7) FROM generate_series(1, 20000) i;
DELETE FROM r_dyn WHERE id % 11 = 0;
ANALYZE r_dyn;
SET gg_duckdb.mode = force;
EXPLAIN (COSTS OFF)
SELECT k % 4, count(*), sum(v) FROM r_dyn WHERE k >= 5 GROUP BY 1;
                              QUERY PLAN                              
----------------------------------------------------------------------
 Gather Motion 3:1  (slice1; segments: 3)
   ->  Custom Scan (GGDuckDBRegion)
         DuckDB: Agg over 1 leaf
         ->  Redistribute Motion 3:3  (slice2; segments: 3)
               Hash Key: gg_duckdb_region_1."?column?"
               ->  Custom Scan (GGDuckDBRegion)
                     DuckDB: Agg over 1 leaf
                     DuckDB direct scans: r_dyn
                     ->  Dynamic Seq Scan on r_dyn
                           Number of partitions to scan: 4 (out of 4)
                           Filter: (k >= 5)
 Optimizer: GPORCA
(12 rows)

RESET gg_duckdb.mode;
SELECT r_check($q$ SELECT k % 4 AS g, count(*) AS n, sum(v) AS s, max(note COLLATE "C") AS m FROM r_dyn WHERE k >= 5 GROUP BY 1 $q$);
NOTICE:  Table doesn't have 'DISTRIBUTED BY' clause -- Using column(s) named 'g' as the Greengage Database data distribution key for this table.
HINT:  The 'DISTRIBUTED BY' clause determines the distribution of data. Make sure column(s) chosen are the optimal data distribution key to minimize skew.
NOTICE:  Table doesn't have 'DISTRIBUTED BY' clause -- Using column(s) named 'g' as the Greengage Database data distribution key for this table.
HINT:  The 'DISTRIBUTED BY' clause determines the distribution of data. Make sure column(s) chosen are the optimal data distribution key to minimize skew.
 r_check 
---------
 0 | 0
(1 row)

SELECT r_check($q$ SELECT count(*) AS n FROM r_dyn $q$);
NOTICE:  Table doesn't have 'DISTRIBUTED BY' clause. Creating a NULL policy entry.
NOTICE:  Table doesn't have 'DISTRIBUTED BY' clause. Creating a NULL policy entry.
 r_check 
---------
 0 | 0
(1 row)

SELECT r_check($q$ SELECT note, count(*) AS n, sum(v) AS s FROM r_dyn WHERE k BETWEEN 15 AND 35 GROUP BY note $q$);
NOTICE:  Table doesn't have 'DISTRIBUTED BY' clause. Creating a NULL policy entry.
NOTICE:  Table doesn't have 'DISTRIBUTED BY' clause. Creating a NULL policy entry.
 r_check 
---------
 0 | 0
(1 row)

SELECT r_check($q$ SELECT d.label, count(*) AS n FROM r_dyn t JOIN r_dim d ON t.k = d.k GROUP BY d.label $q$);
NOTICE:  Table doesn't have 'DISTRIBUTED BY' clause. Creating a NULL policy entry.
NOTICE:  Table doesn't have 'DISTRIBUTED BY' clause. Creating a NULL policy entry.
 r_check 
---------
 0 | 0
(1 row)

DROP FUNCTION r_check(text);
DROP TABLE r_t, r_dim, r_empty, r_part, r_ao, r_co, r_dyn;
