-- M0 smoke tests: the library is preloaded everywhere, every node can run a
-- DuckDB statement on the backend thread, errors and cancel behave.
CREATE EXTENSION gg_duckdb;
-- preloaded on the coordinator and on every segment
SELECT -1 AS segment, preloaded, instance_initialized FROM gg_duckdb.status()
UNION ALL
SELECT gp_segment_id, (s).preloaded, (s).instance_initialized
  FROM (SELECT gp_segment_id, gg_duckdb.status() AS s FROM gp_dist_random('gp_id')) x
ORDER BY 1;
 segment | preloaded | instance_initialized 
---------+-----------+----------------------
      -1 | t         | f
       0 | t         | f
       1 | t         | f
       2 | t         | f
(4 rows)

-- a query runs on the coordinator ...
SELECT gg_duckdb.query('select 42 as a, ''duck'' as b, null::int as c');
    query     
--------------
 42|duck|NULL
(1 row)

-- ... and on every segment, in each segment's own instance
SELECT gp_segment_id, gg_duckdb.query('select 6 * 7') FROM gp_dist_random('gp_id') ORDER BY 1;
 gp_segment_id | query 
---------------+-------
             0 | 42
             1 | 42
             2 | 42
(3 rows)

-- several rows, several types
SELECT gg_duckdb.query('select i, i * 1.5, ''x'' || i from range(3) t(i) order by i');
  query   
----------
 0|0.0|x0
 1|1.5|x1
 2|3.0|x2
(3 rows)

-- the instance exists now and reports its settings
SELECT instance_initialized, threads, memory_limit_bytes,
       temp_directory LIKE '%pgsql_tmp_gg_duckdb_%' AS default_temp_dir,
       temp_dir_writable, queries_executed > 0 AS ran, errors
  FROM gg_duckdb.status();
 instance_initialized | threads | memory_limit_bytes | default_temp_dir | temp_dir_writable | ran | errors 
----------------------+---------+--------------------+------------------+-------------------+-----+--------
 t                    |       1 |          536870912 | t                | t                 | t   |      0
(1 row)

-- a DuckDB error is a PG error, and the instance survives it
SELECT gg_duckdb.query('select * from no_such_table');
ERROR:  gg_duckdb: Catalog Error: Table with name no_such_table does not exist!
Did you mean "pg_tables"?

LINE 1: select * from no_such_table
                      ^
SELECT gg_duckdb.query('select 1');
 query 
-------
 1
(1 row)

SELECT errors, last_error FROM gg_duckdb.status();
 errors |                          last_error                          
--------+--------------------------------------------------------------
      1 | Catalog Error: Table with name no_such_table does not exist!+
        | Did you mean "pg_tables"?                                   +
        |                                                             +
        | LINE 1: select * from no_such_table                         +
        |                       ^
(1 row)

-- syntax errors too
SELECT gg_duckdb.query('selec 1');
ERROR:  gg_duckdb: Parser Error: syntax error at or near "selec"

LINE 1: selec 1
        ^
-- early stop of a set-returning call releases the result (no crash, no leak error)
SELECT gg_duckdb.query('select i from range(100000) t(i)') LIMIT 2;
 query 
-------
 0
 1
(2 rows)

-- a bigger query exercises the task loop and spilling settings
SELECT gg_duckdb.query('select count(*), sum(i) from range(1000000) t(i)');
        query         
----------------------
 1000000|499999500000
(1 row)

-- the GUCs exist and reach the segments
SET gg_duckdb.max_memory = '256MB';
SELECT gp_segment_id, current_setting('gg_duckdb.max_memory') FROM gp_dist_random('gp_id') ORDER BY 1;
 gp_segment_id | current_setting 
---------------+-----------------
             0 | 256MB
             1 | 256MB
             2 | 256MB
(3 rows)

SELECT gp_segment_id, (gg_duckdb.status()).memory_limit_bytes FROM gp_dist_random('gp_id') ORDER BY 1;
 gp_segment_id | memory_limit_bytes 
---------------+--------------------
             0 |          268435456
             1 |          268435456
             2 |          268435456
(3 rows)

RESET gg_duckdb.max_memory;
SHOW gg_duckdb.mode;
 gg_duckdb.mode 
----------------
 off
(1 row)

SHOW optimizer_enable_duckdb;
 optimizer_enable_duckdb 
-------------------------
 on
(1 row)

-- version() matches the pinned build
SELECT gg_duckdb.version() = (SELECT library_version FROM gg_duckdb.status()) AS same,
       (SELECT library_version = pinned_version FROM gg_duckdb.status()) AS pinned;
 same | pinned 
------+--------
 t    | t
(1 row)

DROP EXTENSION gg_duckdb;
